[00:00:03] [Server thread/INFO]: [Yumalala: Set own game mode to Spectator Mode]
[00:00:26] [Server thread/INFO]: [Yumalala: Teleported AKUSGOD to Yumalala]
[00:00:33] [Server thread/INFO]: [Yumalala: Teleported Yumalala to skupdiripop]
[00:00:35] [Server thread/INFO]: [Yumalala: Set own game mode to Creative Mode]
[00:00:38] [Server thread/INFO]: [Yumalala: Set own game mode to Spectator Mode]
[00:00:39] [Server thread/INFO]: [Yumalala: Set own game mode to Survival Mode]
[00:00:46] [Server thread/INFO]: Named entity class_1581['Sanctum Illusionist'/1757257, l='ServerLevel[world]', x=-786.43, y=42.00, z=-348.64] died: Sanctum Illusionist was slain by skupdiripop
[00:01:13] [Server thread/INFO]: Named entity class_1632['Sanctum Protector'/1759347, l='ServerLevel[world]', x=-856.30, y=42.00, z=-347.50] died: Sanctum Protector was slain by Yumalala using [adfliadp]
[00:01:19] [Server thread/INFO]: Named entity class_1632['Sanctum Protector'/1759346, l='ServerLevel[world]', x=-858.32, y=42.00, z=-349.19] died: Sanctum Protector was slain by Yumalala using [adfliadp]
[00:01:24] [Server thread/INFO]: Named entity class_1604['Sanctum Cultist'/1760427, l='ServerLevel[world]', x=-864.48, y=39.00, z=-336.88] died: Sanctum Cultist was slain by skupdiripop
[00:01:33] [Server thread/INFO]: Named entity class_1632['Sanctum Protector'/1760491, l='ServerLevel[world]', x=-861.07, y=40.00, z=-316.21] died: Sanctum Protector was slain by Yumalala using [adfliadp]
[00:01:49] [Server thread/INFO]: Named entity class_1632['Sanctum Protector'/1760449, l='ServerLevel[world]', x=-853.59, y=43.00, z=-328.49] died: Sanctum Protector was slain by Yumalala using [adfliadp]
[00:01:50] [Server thread/INFO]: Named entity class_1604['Sanctum Cultist'/1758809, l='ServerLevel[world]', x=-853.68, y=43.00, z=-328.49] died: Sanctum Cultist was slain by Yumalala using [adfliadp]
[00:01:52] [Server thread/INFO]: Named entity class_1604['Sanctum Apostle'/1760865, l='ServerLevel[world]', x=-850.27, y=43.00, z=-328.75] died: Sanctum Apostle was slain by Yumalala using [adfliadp]
[00:01:53] [Server thread/INFO]: Named entity class_1632['Sanctum Protector'/1757328, l='ServerLevel[world]', x=-854.08, y=43.00, z=-328.49] died: Sanctum Protector was slain by Yumalala using [adfliadp]
[00:01:53] [Server thread/INFO]: Named entity class_1604['Sanctum Cultist'/1758806, l='ServerLevel[world]', x=-853.58, y=43.00, z=-327.70] died: Sanctum Cultist was slain by Yumalala using [adfliadp]
[00:01:54] [Server thread/INFO]: Named entity class_1604['Sanctum Cultist'/1760429, l='ServerLevel[world]', x=-852.57, y=43.00, z=-329.20] died: Sanctum Cultist was shot by Sanctum Illusionist
[00:01:57] [Server thread/INFO]: Named entity class_1604['Sanctum Cultist'/1758804, l='ServerLevel[world]', x=-851.84, y=43.00, z=-328.18] died: Sanctum Cultist was shot by Sanctum Cultist
[00:01:58] [Server thread/INFO]: Named entity class_1604['Sanctum Cultist'/1758812, l='ServerLevel[world]', x=-851.24, y=43.06, z=-330.12] died: Sanctum Cultist was shot by Sanctum Illusionist
[00:01:59] [Server thread/INFO]: Named entity class_1581['Sanctum Illusionist'/1759088, l='ServerLevel[world]', x=-852.54, y=43.00, z=-329.03] died: Sanctum Illusionist was shot by Sanctum Cultist
[00:02:00] [Server thread/INFO]: Named entity class_1604['Sanctum Cultist'/1759281, l='ServerLevel[world]', x=-852.59, y=43.00, z=-328.41] died: Sanctum Cultist was shot by Sanctum Cultist
[00:02:00] [Server thread/INFO]: Named entity class_1604['Sanctum Cultist'/1759284, l='ServerLevel[world]', x=-853.27, y=43.00, z=-327.78] died: Sanctum Cultist was shot by Sanctum Cultist
[00:02:01] [Server thread/INFO]: Named entity class_1604['Sanctum Cultist'/1758811, l='ServerLevel[world]', x=-851.39, y=43.00, z=-327.85] died: Sanctum Cultist was slain by Yumalala using [adfliadp]
[00:02:04] [Server thread/INFO]: Named entity class_1604['Sanctum Cultist'/1757285, l='ServerLevel[world]', x=-845.03, y=43.00, z=-328.01] died: Sanctum Cultist was slain by skupdiripop
[00:02:11] [Server thread/INFO]: skupdiripop has made the advancement [Voluntary Exile]
[00:02:11] [Server thread/INFO]: Named entity class_1604['Sanctum Apostle'/1760787, l='ServerLevel[world]', x=-830.96, y=43.00, z=-325.75] died: Sanctum Apostle was slain by skupdiripop
[00:02:12] [Server thread/INFO]: Named entity class_1604['Sanctum Cultist'/1756703, l='ServerLevel[world]', x=-840.46, y=37.23, z=-325.30] died: Sanctum Cultist went up in flames
[00:02:22] [Server thread/INFO]: Named entity class_1604['Sanctum Cultist'/1757256, l='ServerLevel[world]', x=-848.70, y=43.00, z=-316.76] died: Sanctum Cultist was slain by Yumalala using [adfliadp]
[00:02:25] [Server thread/INFO]: Named entity class_1604['Sanctum Cultist'/1760863, l='ServerLevel[world]', x=-841.47, y=43.00, z=-322.30] died: Sanctum Cultist was shot by Sanctum Cultist
[00:02:28] [Server thread/INFO]: Named entity class_1604['Sanctum Cultist'/1757259, l='ServerLevel[world]', x=-835.93, y=44.00, z=-322.30] died: Sanctum Cultist was slain by Yumalala using [adfliadp]
[00:02:29] [Server thread/INFO]: Named entity class_1604['Sanctum Cultist'/1760789, l='ServerLevel[world]', x=-842.05, y=43.00, z=-322.45] died: Sanctum Cultist was slain by Yumalala using [adfliadp]
[00:02:31] [Netty Epoll Server IO #5/ERROR]: Exception occurred in netty pipeline
io.netty.handler.codec.DecoderException: java.lang.IndexOutOfBoundsException: Index 50 out of bounds for length 1
	at io.netty.handler.codec.ByteToMessageDecoder.callDecode(ByteToMessageDecoder.java:489) ~[netty-codec-4.1.82.Final.jar:?]
	at io.netty.handler.codec.ByteToMessageDecoder.channelRead(ByteToMessageDecoder.java:280) ~[netty-codec-4.1.82.Final.jar:?]
	at io.netty.channel.AbstractChannelHandlerContext.invokeChannelRead(AbstractChannelHandlerContext.java:379) ~[netty-transport-4.1.82.Final.jar:?]
	at io.netty.channel.AbstractChannelHandlerContext.invokeChannelRead(AbstractChannelHandlerContext.java:365) ~[netty-transport-4.1.82.Final.jar:?]
	at io.netty.channel.AbstractChannelHandlerContext.fireChannelRead(AbstractChannelHandlerContext.java:357) ~[netty-transport-4.1.82.Final.jar:?]
	at io.netty.handler.codec.ByteToMessageDecoder.fireChannelRead(ByteToMessageDecoder.java:336) ~[netty-codec-4.1.82.Final.jar:?]
	at io.netty.handler.codec.ByteToMessageDecoder.fireChannelRead(ByteToMessageDecoder.java:323) ~[netty-codec-4.1.82.Final.jar:?]
	at io.netty.handler.codec.ByteToMessageDecoder.callDecode(ByteToMessageDecoder.java:444) ~[netty-codec-4.1.82.Final.jar:?]
	at io.netty.handler.codec.ByteToMessageDecoder.channelRead(ByteToMessageDecoder.java:280) ~[netty-codec-4.1.82.Final.jar:?]
	at io.netty.channel.AbstractChannelHandlerContext.invokeChannelRead(AbstractChannelHandlerContext.java:379) ~[netty-transport-4.1.82.Final.jar:?]
	at io.netty.channel.AbstractChannelHandlerContext.invokeChannelRead(AbstractChannelHandlerContext.java:365) ~[netty-transport-4.1.82.Final.jar:?]
	at io.netty.channel.AbstractChannelHandlerContext.fireChannelRead(AbstractChannelHandlerContext.java:357) ~[netty-transport-4.1.82.Final.jar:?]
	at io.netty.handler.timeout.IdleStateHandler.channelRead(IdleStateHandler.java:286) ~[netty-handler-4.1.82.Final.jar:?]
	at io.netty.channel.AbstractChannelHandlerContext.invokeChannelRead(AbstractChannelHandlerContext.java:379) ~[netty-transport-4.1.82.Final.jar:?]
	at io.netty.channel.AbstractChannelHandlerContext.invokeChannelRead(AbstractChannelHandlerContext.java:365) ~[netty-transport-4.1.82.Final.jar:?]
	at io.netty.channel.AbstractChannelHandlerContext.fireChannelRead(AbstractChannelHandlerContext.java:357) ~[netty-transport-4.1.82.Final.jar:?]
	at io.netty.channel.DefaultChannelPipeline$HeadContext.channelRead(DefaultChannelPipeline.java:1410) ~[netty-transport-4.1.82.Final.jar:?]
	at io.netty.channel.AbstractChannelHandlerContext.invokeChannelRead(AbstractChannelHandlerContext.java:379) ~[netty-transport-4.1.82.Final.jar:?]
	at io.netty.channel.AbstractChannelHandlerContext.invokeChannelRead(AbstractChannelHandlerContext.java:365) ~[netty-transport-4.1.82.Final.jar:?]
	at io.netty.channel.DefaultChannelPipeline.fireChannelRead(DefaultChannelPipeline.java:919) ~[netty-transport-4.1.82.Final.jar:?]
	at io.netty.channel.epoll.AbstractEpollStreamChannel$EpollStreamUnsafe.epollInReady(AbstractEpollStreamChannel.java:800) ~[netty-transport-classes-epoll-4.1.82.Final.jar:?]
	at io.netty.channel.epoll.EpollEventLoop.processReady(EpollEventLoop.java:499) ~[netty-transport-classes-epoll-4.1.82.Final.jar:?]
	at io.netty.channel.epoll.EpollEventLoop.run(EpollEventLoop.java:397) ~[netty-transport-classes-epoll-4.1.82.Final.jar:?]
	at io.netty.util.concurrent.SingleThreadEventExecutor$4.run(SingleThreadEventExecutor.java:997) ~[netty-common-4.1.82.Final.jar:?]
	at io.netty.util.internal.ThreadExecutorMap$2.run(ThreadExecutorMap.java:74) ~[netty-common-4.1.82.Final.jar:?]
	at java.lang.Thread.run(Thread.java:840) ~[?:?]
Caused by: java.lang.IndexOutOfBoundsException: Index 50 out of bounds for length 1
	at jdk.internal.util.Preconditions.outOfBounds(Preconditions.java:64) ~[?:?]
	at jdk.internal.util.Preconditions.outOfBoundsCheckIndex(Preconditions.java:70) ~[?:?]
	at jdk.internal.util.Preconditions.checkIndex(Preconditions.java:266) ~[?:?]
	at java.util.Objects.checkIndex(Objects.java:361) ~[?:?]
	at java.util.ArrayList.get(ArrayList.java:427) ~[?:?]
	at net.minecraft.class_2539$class_4532.method_22310(class_2539.java:458) ~[server-intermediary.jar:?]
	at net.minecraft.class_2539.method_10783(class_2539.java:522) ~[server-intermediary.jar:?]
	at net.minecraft.class_2543.decode(class_2543.java:32) ~[server-intermediary.jar:?]
	at io.netty.handler.codec.ByteToMessageDecoder.decodeRemovalReentryProtection(ByteToMessageDecoder.java:519) ~[netty-codec-4.1.82.Final.jar:?]
	at io.netty.handler.codec.ByteToMessageDecoder.callDecode(ByteToMessageDecoder.java:458) ~[netty-codec-4.1.82.Final.jar:?]
	... 25 more
[00:02:34] [Server thread/INFO]: Named entity class_1604['Sanctum Cultist'/1760428, l='ServerLevel[world]', x=-829.34, y=43.06, z=-325.15] died: Sanctum Cultist was slain by Yumalala using [adfliadp]
[00:02:56] [Server thread/INFO]: Named entity class_1632['Sanctum Protector'/1759092, l='ServerLevel[world]', x=-799.23, y=43.00, z=-325.32] died: Sanctum Protector was slain by Yumalala using [adfliadp]
[00:02:57] [Server thread/INFO]: Named entity class_1604['Sanctum Cultist'/1757056, l='ServerLevel[world]', x=-797.75, y=43.00, z=-322.11] died: Sanctum Cultist was slain by Yumalala using [adfliadp]
[00:02:59] [Server thread/INFO]: Named entity class_1604['Sanctum Cultist'/1760425, l='ServerLevel[world]', x=-794.30, y=43.00, z=-321.70] died: Sanctum Cultist was slain by Yumalala using [adfliadp]
[00:03:03] [Server thread/INFO]: Named entity class_1604['Sanctum Cultist'/1758796, l='ServerLevel[world]', x=-800.20, y=43.00, z=-327.82] died: Sanctum Cultist was slain by skupdiripop
[00:03:05] [Server thread/INFO]: Named entity class_1564['Sanctum Ritualist'/1758798, l='ServerLevel[world]', x=-787.30, y=43.00, z=-340.70] died: Sanctum Ritualist was slain by Yumalala using [adfliadp]
[00:03:09] [Server thread/INFO]: Named entity class_1604['Sanctum Cultist'/1757258, l='ServerLevel[world]', x=-797.07, y=43.06, z=-330.04] died: Sanctum Cultist was slain by skupdiripop
[00:03:19] [Server thread/INFO]: Named entity class_1604['Sanctum Cultist'/1760862, l='ServerLevel[world]', x=-822.01, y=43.50, z=-335.68] died: Sanctum Cultist was slain by Yumalala using [adfliadp]
[00:03:20] [Server thread/INFO]: Named entity class_1604['Sanctum Cultist'/1757288, l='ServerLevel[world]', x=-822.19, y=43.00, z=-333.30] died: Sanctum Cultist was slain by Yumalala using [adfliadp]
[00:03:23] [Server thread/INFO]: Named entity class_1604['Sanctum Apostle'/1758797, l='ServerLevel[world]', x=-831.32, y=43.06, z=-331.02] died: Sanctum Apostle was slain by Yumalala using [adfliadp]
[00:03:25] [Server thread/INFO]: Named entity class_1632['Sanctum Protector'/1759091, l='ServerLevel[world]', x=-850.17, y=43.00, z=-326.50] died: Sanctum Protector was slain by Yumalala using [adfliadp]
[00:03:28] [Server thread/INFO]: skupdiripop was doomed to fall by Sanctum Cultist
[00:03:35] [Server thread/INFO]: Named entity class_1604['Sanctum Cultist'/1757326, l='ServerLevel[world]', x=-862.30, y=38.00, z=-334.72] died: Sanctum Cultist was slain by Yumalala using [adfliadp]
[00:03:39] [Server thread/INFO]: [Yumalala: Teleported skupdiripop to Yumalala]
[00:03:41] [Server thread/INFO]: skupdiripop claimed a grave belonging to skupdiripop at -862, 36, -331, minecraft:the_nether
[00:03:42] [Server thread/INFO]: Named entity class_1604['Sanctum Cultist'/1760784, l='ServerLevel[world]', x=-861.41, y=35.50, z=-324.30] died: Sanctum Cultist was slain by Yumalala using [adfliadp]
[00:03:48] [Server thread/INFO]: Named entity class_1581['Sanctum Illusionist'/1759322, l='ServerLevel[world]', x=-852.70, y=43.00, z=-322.30] died: Sanctum Illusionist was slain by skupdiripop
[00:03:49] [Server thread/INFO]: Named entity class_1604['Sanctum Cultist'/1760788, l='ServerLevel[world]', x=-853.50, y=43.00, z=-323.30] died: Sanctum Cultist was slain by skupdiripop
[00:03:59] [Server thread/INFO]: Named entity class_1604['Sanctum Cultist'/1760786, l='ServerLevel[world]', x=-847.85, y=44.00, z=-315.67] died: Sanctum Cultist was slain by skupdiripop
[00:03:59] [Server thread/INFO]: Named entity class_1632['Sanctum Protector'/1760937, l='ServerLevel[world]', x=-806.44, y=43.00, z=-329.27] died: Sanctum Protector was slain by Yumalala using [adfliadp]
[00:04:03] [Server thread/INFO]: Named entity class_1632['Sanctum Protector'/1759090, l='ServerLevel[world]', x=-787.30, y=43.00, z=-337.49] died: Sanctum Protector was slain by Yumalala using [adfliadp]
[00:04:22] [Server thread/INFO]: Named entity class_1604['Sanctum Apostle'/1759345, l='ServerLevel[world]', x=-770.90, y=47.00, z=-345.70] died: Sanctum Apostle was slain by skupdiripop
[00:04:26] [Server thread/INFO]: Named entity class_1604['Sanctum Cultist'/1756698, l='ServerLevel[world]', x=-777.70, y=49.00, z=-344.30] died: Sanctum Cultist was slain by skupdiripop
[00:04:31] [Server thread/INFO]: Named entity class_1604['Sanctum Cultist'/1756704, l='ServerLevel[world]', x=-769.30, y=49.00, z=-342.70] died: Sanctum Cultist was slain by Yumalala using [adfliadp]
[00:04:31] [Server thread/INFO]: Named entity class_1604['Sanctum Apostle'/1760936, l='ServerLevel[world]', x=-770.10, y=49.00, z=-341.30] died: Sanctum Apostle was slain by Yumalala using [adfliadp]
[00:04:31] [Server thread/INFO]: Named entity class_1604['Sanctum Cultist'/1760944, l='ServerLevel[world]', x=-770.99, y=49.00, z=-340.14] died: Sanctum Cultist was slain by skupdiripop
[00:04:33] [Server thread/INFO]: Named entity class_1604['Sanctum Apostle'/1759343, l='ServerLevel[world]', x=-767.70, y=49.00, z=-334.03] died: Sanctum Apostle was slain by Yumalala using [adfliadp]
[00:04:38] [Server thread/INFO]: Named entity class_1604['Sanctum Cultist'/1760938, l='ServerLevel[world]', x=-767.66, y=49.00, z=-330.44] died: Sanctum Cultist was slain by Yumalala using [adfliadp]
[00:04:40] [Server thread/INFO]: Named entity class_1632['Sanctum Protector'/1756697, l='ServerLevel[world]', x=-768.38, y=55.00, z=-341.70] died: Sanctum Protector was slain by skupdiripop
[00:04:41] [Server thread/INFO]: Named entity class_1632['Sanctum Protector'/1756705, l='ServerLevel[world]', x=-766.80, y=49.00, z=-322.10] died: Sanctum Protector was slain by Yumalala using [adfliadp]
[00:04:43] [Server thread/INFO]: Named entity class_1604['Sanctum Apostle'/1756702, l='ServerLevel[world]', x=-767.55, y=58.00, z=-345.70] died: Sanctum Apostle was slain by skupdiripop
[00:04:51] [Server thread/INFO]: Named entity class_1604['Sanctum Cultist'/1760942, l='ServerLevel[world]', x=-768.70, y=57.00, z=-319.70] died: Sanctum Cultist was slain by Yumalala using [adfliadp]
[00:04:51] [Server thread/INFO]: Named entity class_1604['Sanctum Cultist'/1756689, l='ServerLevel[world]', x=-767.44, y=56.50, z=-342.93] died: Sanctum Cultist was slain by skupdiripop
[00:04:53] [Server thread/INFO]: Named entity class_1604['Sanctum Cultist'/1760941, l='ServerLevel[world]', x=-766.30, y=56.00, z=-318.64] died: Sanctum Cultist was slain by Yumalala using [adfliadp]
[00:04:55] [Server thread/INFO]: Named entity class_1564['Sanctum Ritualist'/1756699, l='ServerLevel[world]', x=-774.70, y=60.00, z=-341.39] died: Sanctum Ritualist was slain by skupdiripop
[00:05:36] [Server thread/INFO]: Named entity class_1604['Sanctum Cultist'/1756700, l='ServerLevel[world]', x=-768.11, y=66.00, z=-337.30] died: Sanctum Cultist was slain by skupdiripop
[00:07:30] [Server thread/INFO]: [Yumalala: Set own game mode to Spectator Mode]
[00:07:31] [Server thread/INFO]: [Yumalala: Set own game mode to Survival Mode]
[00:07:33] [Server thread/INFO]: [Yumalala: Set own game mode to Creative Mode]
[00:07:34] [Server thread/INFO]: [Yumalala: Set own game mode to Survival Mode]
[00:07:43] [Server thread/INFO]: Named entity class_1604['Sanctum Cultist'/1760935, l='ServerLevel[world]', x=-770.70, y=51.00, z=-317.20] died: Sanctum Cultist was slain by skupdiripop
[00:07:51] [Server thread/INFO]: Named entity class_1604['Sanctum Cultist'/1760932, l='ServerLevel[world]', x=-771.30, y=52.50, z=-314.30] died: Sanctum Cultist was slain by skupdiripop
[00:07:53] [Server thread/INFO]: Named entity class_1604['Sanctum Cultist'/1757264, l='ServerLevel[world]', x=-808.59, y=37.00, z=-331.18] died: Sanctum Cultist went up in flames
[00:08:09] [Server thread/INFO]: Named entity class_1632['Sanctum Protector'/1760943, l='ServerLevel[world]', x=-769.49, y=67.00, z=-311.79] died: Sanctum Protector was slain by Yumalala using [adfliadp]
[00:08:29] [Netty Epoll Server IO #7/ERROR]: Exception occurred in netty pipeline
io.netty.handler.codec.DecoderException: java.lang.IndexOutOfBoundsException: Index 50 out of bounds for length 1
	at io.netty.handler.codec.ByteToMessageDecoder.callDecode(ByteToMessageDecoder.java:489) ~[netty-codec-4.1.82.Final.jar:?]
	at io.netty.handler.codec.ByteToMessageDecoder.channelRead(ByteToMessageDecoder.java:280) ~[netty-codec-4.1.82.Final.jar:?]
	at io.netty.channel.AbstractChannelHandlerContext.invokeChannelRead(AbstractChannelHandlerContext.java:379) ~[netty-transport-4.1.82.Final.jar:?]
	at io.netty.channel.AbstractChannelHandlerContext.invokeChannelRead(AbstractChannelHandlerContext.java:365) ~[netty-transport-4.1.82.Final.jar:?]
	at io.netty.channel.AbstractChannelHandlerContext.fireChannelRead(AbstractChannelHandlerContext.java:357) ~[netty-transport-4.1.82.Final.jar:?]
	at io.netty.handler.codec.ByteToMessageDecoder.fireChannelRead(ByteToMessageDecoder.java:336) ~[netty-codec-4.1.82.Final.jar:?]
	at io.netty.handler.codec.ByteToMessageDecoder.fireChannelRead(ByteToMessageDecoder.java:323) ~[netty-codec-4.1.82.Final.jar:?]
	at io.netty.handler.codec.ByteToMessageDecoder.callDecode(ByteToMessageDecoder.java:444) ~[netty-codec-4.1.82.Final.jar:?]
	at io.netty.handler.codec.ByteToMessageDecoder.channelRead(ByteToMessageDecoder.java:280) ~[netty-codec-4.1.82.Final.jar:?]
	at io.netty.channel.AbstractChannelHandlerContext.invokeChannelRead(AbstractChannelHandlerContext.java:379) ~[netty-transport-4.1.82.Final.jar:?]
	at io.netty.channel.AbstractChannelHandlerContext.invokeChannelRead(AbstractChannelHandlerContext.java:365) ~[netty-transport-4.1.82.Final.jar:?]
	at io.netty.channel.AbstractChannelHandlerContext.fireChannelRead(AbstractChannelHandlerContext.java:357) ~[netty-transport-4.1.82.Final.jar:?]
	at io.netty.handler.timeout.IdleStateHandler.channelRead(IdleStateHandler.java:286) ~[netty-handler-4.1.82.Final.jar:?]
	at io.netty.channel.AbstractChannelHandlerContext.invokeChannelRead(AbstractChannelHandlerContext.java:379) ~[netty-transport-4.1.82.Final.jar:?]
	at io.netty.channel.AbstractChannelHandlerContext.invokeChannelRead(AbstractChannelHandlerContext.java:365) ~[netty-transport-4.1.82.Final.jar:?]
	at io.netty.channel.AbstractChannelHandlerContext.fireChannelRead(AbstractChannelHandlerContext.java:357) ~[netty-transport-4.1.82.Final.jar:?]
	at io.netty.channel.DefaultChannelPipeline$HeadContext.channelRead(DefaultChannelPipeline.java:1410) ~[netty-transport-4.1.82.Final.jar:?]
	at io.netty.channel.AbstractChannelHandlerContext.invokeChannelRead(AbstractChannelHandlerContext.java:379) ~[netty-transport-4.1.82.Final.jar:?]
	at io.netty.channel.AbstractChannelHandlerContext.invokeChannelRead(AbstractChannelHandlerContext.java:365) ~[netty-transport-4.1.82.Final.jar:?]
	at io.netty.channel.DefaultChannelPipeline.fireChannelRead(DefaultChannelPipeline.java:919) ~[netty-transport-4.1.82.Final.jar:?]
	at io.netty.channel.epoll.AbstractEpollStreamChannel$EpollStreamUnsafe.epollInReady(AbstractEpollStreamChannel.java:800) ~[netty-transport-classes-epoll-4.1.82.Final.jar:?]
	at io.netty.channel.epoll.EpollEventLoop.processReady(EpollEventLoop.java:499) ~[netty-transport-classes-epoll-4.1.82.Final.jar:?]
	at io.netty.channel.epoll.EpollEventLoop.run(EpollEventLoop.java:397) ~[netty-transport-classes-epoll-4.1.82.Final.jar:?]
	at io.netty.util.concurrent.SingleThreadEventExecutor$4.run(SingleThreadEventExecutor.java:997) ~[netty-common-4.1.82.Final.jar:?]
	at io.netty.util.internal.ThreadExecutorMap$2.run(ThreadExecutorMap.java:74) ~[netty-common-4.1.82.Final.jar:?]
	at java.lang.Thread.run(Thread.java:840) ~[?:?]
Caused by: java.lang.IndexOutOfBoundsException: Index 50 out of bounds for length 1
	at jdk.internal.util.Preconditions.outOfBounds(Preconditions.java:64) ~[?:?]
	at jdk.internal.util.Preconditions.outOfBoundsCheckIndex(Preconditions.java:70) ~[?:?]
	at jdk.internal.util.Preconditions.checkIndex(Preconditions.java:266) ~[?:?]
	at java.util.Objects.checkIndex(Objects.java:361) ~[?:?]
	at java.util.ArrayList.get(ArrayList.java:427) ~[?:?]
	at net.minecraft.class_2539$class_4532.method_22310(class_2539.java:458) ~[server-intermediary.jar:?]
	at net.minecraft.class_2539.method_10783(class_2539.java:522) ~[server-intermediary.jar:?]
	at net.minecraft.class_2543.decode(class_2543.java:32) ~[server-intermediary.jar:?]
	at io.netty.handler.codec.ByteToMessageDecoder.decodeRemovalReentryProtection(ByteToMessageDecoder.java:519) ~[netty-codec-4.1.82.Final.jar:?]
	at io.netty.handler.codec.ByteToMessageDecoder.callDecode(ByteToMessageDecoder.java:458) ~[netty-codec-4.1.82.Final.jar:?]
	... 25 more
[00:09:04] [Server thread/INFO]: Named entity class_1632['Sanctum Protector'/1759093, l='ServerLevel[world]', x=-779.35, y=45.00, z=-324.27] died: Sanctum Protector was slain by Yumalala using [adfliadp]
[00:09:08] [Server thread/INFO]: Named entity class_1632['Sanctum Protector'/1760940, l='ServerLevel[world]', x=-775.38, y=45.00, z=-321.50] died: Sanctum Protector was slain by Yumalala using [adfliadp]
[00:09:15] [Server thread/INFO]: Named entity class_4836['Piglin Civilian'/1800262, l='ServerLevel[world]', x=-939.43, y=33.00, z=-225.47] died: Piglin Civilian fell from a high place
[00:10:01] [Server thread/INFO]: Named entity class_1632['Sanctum Protector'/1760493, l='ServerLevel[world]', x=-844.31, y=53.54, z=-309.76] died: Sanctum Protector was slain by Yumalala using [adfliadp]
[00:10:14] [Server thread/INFO]: Named entity class_1604['Sanctum Cultist'/1759323, l='ServerLevel[world]', x=-850.06, y=56.00, z=-332.70] died: Sanctum Cultist was slain by Yumalala using [adfliadp]
[00:10:16] [Server thread/INFO]: Named entity class_1604['Sanctum Cultist'/1757330, l='ServerLevel[world]', x=-845.02, y=56.00, z=-332.23] died: Sanctum Cultist was slain by Yumalala using [adfliadp]
[00:10:19] [Server thread/INFO]: Named entity class_4836['Piglin Civilian'/1800263, l='ServerLevel[world]', x=-938.30, y=33.00, z=-225.35] died: Piglin Civilian fell from a high place
[00:10:19] [Server thread/INFO]: Named entity class_1604['Sanctum Cultist'/1759348, l='ServerLevel[world]', x=-849.70, y=55.04, z=-334.35] died: Sanctum Cultist was slain by Yumalala using [adfliadp]
[00:10:24] [Server thread/INFO]: Named entity class_1604['Sanctum Cultist'/1760494, l='ServerLevel[world]', x=-853.70, y=56.50, z=-323.80] died: Sanctum Cultist was slain by Yumalala using [adfliadp]
[00:10:31] [Server thread/INFO]: Named entity class_1604['Sanctum Cultist'/1757327, l='ServerLevel[world]', x=-844.45, y=55.00, z=-340.07] died: Sanctum Cultist was slain by Yumalala using [adfliadp]
[00:10:37] [Server thread/INFO]: Named entity class_1604['Sanctum Cultist'/1757353, l='ServerLevel[world]', x=-841.30, y=55.00, z=-343.72] died: Sanctum Cultist was slain by Yumalala using [adfliadp]
[00:10:39] [Server thread/INFO]: Named entity class_1604['Sanctum Cultist'/1762380, l='ServerLevel[world]', x=-849.25, y=43.00, z=-334.47] died: Sanctum Cultist was slain by skupdiripop
[00:10:43] [Server thread/INFO]: Named entity class_1604['Sanctum Cultist'/1757350, l='ServerLevel[world]', x=-842.16, y=59.00, z=-338.30] died: Sanctum Cultist was slain by Yumalala using [adfliadp]
[00:10:49] [Server thread/INFO]: Named entity class_1632['Sanctum Protector'/1757354, l='ServerLevel[world]', x=-845.97, y=66.00, z=-337.49] died: Sanctum Protector was slain by Yumalala using [adfliadp]
[00:10:59] [Server thread/INFO]: Named entity class_1632['Sanctum Protector'/1757329, l='ServerLevel[world]', x=-850.06, y=71.00, z=-336.34] died: Sanctum Protector was slain by Yumalala using [adfliadp]
[00:11:39] [Server thread/INFO]: Named entity class_1604['Sanctum Cultist'/1760451, l='ServerLevel[world]', x=-842.30, y=70.50, z=-319.70] died: Sanctum Cultist was slain by Yumalala using [adfliadp]
[00:11:39] [Server thread/INFO]: Named entity class_1632['Sanctum Protector'/1760453, l='ServerLevel[world]', x=-847.92, y=74.79, z=-315.43] died: Sanctum Protector was slain by skupdiripop
[00:11:43] [Server thread/INFO]: Named entity class_1604['Sanctum Cultist'/1760492, l='ServerLevel[world]', x=-849.46, y=74.00, z=-320.70] died: Sanctum Cultist was slain by Yumalala using [adfliadp]
[00:11:44] [Server thread/INFO]: Named entity class_1604['Sanctum Cultist'/1760448, l='ServerLevel[world]', x=-850.70, y=75.00, z=-321.14] died: Sanctum Cultist was slain by Yumalala using [adfliadp]
[00:11:45] [Server thread/INFO]: Named entity class_1604['Sanctum Cultist'/1758805, l='ServerLevel[world]', x=-808.78, y=37.00, z=-331.50] died: Sanctum Cultist went up in flames
[00:12:30] [Server thread/INFO]: Named entity class_1604['Sanctum Cultist'/1760785, l='ServerLevel[world]', x=-843.30, y=36.50, z=-309.70] died: Sanctum Cultist was slain by Yumalala using [adfliadp]
[00:12:40] [Server thread/INFO]: Named entity class_1632['Sanctum Inquisitor'/1760426, l='ServerLevel[world]', x=-828.34, y=36.06, z=-304.60] died: Sanctum Inquisitor was slain by Yumalala using [adfliadp]
[00:12:49] [Server thread/INFO]: Named entity class_1632['Sanctum Inquisitor'/1760452, l='ServerLevel[world]', x=-839.54, y=34.00, z=-323.70] died: Sanctum Inquisitor was slain by Yumalala using [adfliadp]
[00:12:50] [Server thread/INFO]: Named entity class_1632['Sanctum Protector'/1757352, l='ServerLevel[world]', x=-838.77, y=43.00, z=-326.77] died: Sanctum Protector was slain by skupdiripop
[00:12:52] [Server thread/INFO]: Named entity class_1604['Sanctum Cultist'/1762454, l='ServerLevel[world]', x=-838.97, y=34.00, z=-323.62] died: Sanctum Cultist was slain by Yumalala using [adfliadp]
[00:12:52] [Server thread/INFO]: Named entity class_1632['Sanctum Inquisitor'/1762381, l='ServerLevel[world]', x=-840.49, y=34.00, z=-323.30] died: Sanctum Inquisitor was slain by Yumalala using [adfliadp]
[00:13:35] [Server thread/INFO]: Named entity class_1604['Sanctum Cultist'/1760423, l='ServerLevel[world]', x=-819.51, y=36.00, z=-310.49] died: Sanctum Cultist was slain by skupdiripop
[00:13:39] [Server thread/INFO]: Named entity class_1604['Sanctum Cultist'/1760424, l='ServerLevel[world]', x=-819.51, y=36.00, z=-312.70] died: Sanctum Cultist was slain by skupdiripop
[00:13:48] [Server thread/INFO]: Named entity class_1604['Sanctum Cultist'/1760864, l='ServerLevel[world]', x=-811.51, y=36.00, z=-309.60] died: Sanctum Cultist was slain by skupdiripop
[00:14:07] [Server thread/INFO]: skupdiripop was slain by Sanctum Inquisitor
[00:14:22] [Server thread/INFO]: [Yumalala: Teleported skupdiripop to Yumalala]
[00:14:26] [Netty Epoll Server IO #1/ERROR]: Exception occurred in netty pipeline
io.netty.handler.codec.DecoderException: java.lang.IndexOutOfBoundsException: Index 50 out of bounds for length 1
	at io.netty.handler.codec.ByteToMessageDecoder.callDecode(ByteToMessageDecoder.java:489) ~[netty-codec-4.1.82.Final.jar:?]
	at io.netty.handler.codec.ByteToMessageDecoder.channelRead(ByteToMessageDecoder.java:280) ~[netty-codec-4.1.82.Final.jar:?]
	at io.netty.channel.AbstractChannelHandlerContext.invokeChannelRead(AbstractChannelHandlerContext.java:379) ~[netty-transport-4.1.82.Final.jar:?]
	at io.netty.channel.AbstractChannelHandlerContext.invokeChannelRead(AbstractChannelHandlerContext.java:365) ~[netty-transport-4.1.82.Final.jar:?]
	at io.netty.channel.AbstractChannelHandlerContext.fireChannelRead(AbstractChannelHandlerContext.java:357) ~[netty-transport-4.1.82.Final.jar:?]
	at io.netty.handler.codec.ByteToMessageDecoder.fireChannelRead(ByteToMessageDecoder.java:336) ~[netty-codec-4.1.82.Final.jar:?]
	at io.netty.handler.codec.ByteToMessageDecoder.fireChannelRead(ByteToMessageDecoder.java:323) ~[netty-codec-4.1.82.Final.jar:?]
	at io.netty.handler.codec.ByteToMessageDecoder.callDecode(ByteToMessageDecoder.java:444) ~[netty-codec-4.1.82.Final.jar:?]
	at io.netty.handler.codec.ByteToMessageDecoder.channelRead(ByteToMessageDecoder.java:280) ~[netty-codec-4.1.82.Final.jar:?]
	at io.netty.channel.AbstractChannelHandlerContext.invokeChannelRead(AbstractChannelHandlerContext.java:379) ~[netty-transport-4.1.82.Final.jar:?]
	at io.netty.channel.AbstractChannelHandlerContext.invokeChannelRead(AbstractChannelHandlerContext.java:365) ~[netty-transport-4.1.82.Final.jar:?]
	at io.netty.channel.AbstractChannelHandlerContext.fireChannelRead(AbstractChannelHandlerContext.java:357) ~[netty-transport-4.1.82.Final.jar:?]
	at io.netty.handler.timeout.IdleStateHandler.channelRead(IdleStateHandler.java:286) ~[netty-handler-4.1.82.Final.jar:?]
	at io.netty.channel.AbstractChannelHandlerContext.invokeChannelRead(AbstractChannelHandlerContext.java:379) ~[netty-transport-4.1.82.Final.jar:?]
	at io.netty.channel.AbstractChannelHandlerContext.invokeChannelRead(AbstractChannelHandlerContext.java:365) ~[netty-transport-4.1.82.Final.jar:?]
	at io.netty.channel.AbstractChannelHandlerContext.fireChannelRead(AbstractChannelHandlerContext.java:357) ~[netty-transport-4.1.82.Final.jar:?]
	at io.netty.channel.DefaultChannelPipeline$HeadContext.channelRead(DefaultChannelPipeline.java:1410) ~[netty-transport-4.1.82.Final.jar:?]
	at io.netty.channel.AbstractChannelHandlerContext.invokeChannelRead(AbstractChannelHandlerContext.java:379) ~[netty-transport-4.1.82.Final.jar:?]
	at io.netty.channel.AbstractChannelHandlerContext.invokeChannelRead(AbstractChannelHandlerContext.java:365) ~[netty-transport-4.1.82.Final.jar:?]
	at io.netty.channel.DefaultChannelPipeline.fireChannelRead(DefaultChannelPipeline.java:919) ~[netty-transport-4.1.82.Final.jar:?]
	at io.netty.channel.epoll.AbstractEpollStreamChannel$EpollStreamUnsafe.epollInReady(AbstractEpollStreamChannel.java:800) ~[netty-transport-classes-epoll-4.1.82.Final.jar:?]
	at io.netty.channel.epoll.EpollEventLoop.processReady(EpollEventLoop.java:499) ~[netty-transport-classes-epoll-4.1.82.Final.jar:?]
	at io.netty.channel.epoll.EpollEventLoop.run(EpollEventLoop.java:397) ~[netty-transport-classes-epoll-4.1.82.Final.jar:?]
	at io.netty.util.concurrent.SingleThreadEventExecutor$4.run(SingleThreadEventExecutor.java:997) ~[netty-common-4.1.82.Final.jar:?]
	at io.netty.util.internal.ThreadExecutorMap$2.run(ThreadExecutorMap.java:74) ~[netty-common-4.1.82.Final.jar:?]
	at java.lang.Thread.run(Thread.java:840) ~[?:?]
Caused by: java.lang.IndexOutOfBoundsException: Index 50 out of bounds for length 1
	at jdk.internal.util.Preconditions.outOfBounds(Preconditions.java:64) ~[?:?]
	at jdk.internal.util.Preconditions.outOfBoundsCheckIndex(Preconditions.java:70) ~[?:?]
	at jdk.internal.util.Preconditions.checkIndex(Preconditions.java:266) ~[?:?]
	at java.util.Objects.checkIndex(Objects.java:361) ~[?:?]
	at java.util.ArrayList.get(ArrayList.java:427) ~[?:?]
	at net.minecraft.class_2539$class_4532.method_22310(class_2539.java:458) ~[server-intermediary.jar:?]
	at net.minecraft.class_2539.method_10783(class_2539.java:522) ~[server-intermediary.jar:?]
	at net.minecraft.class_2543.decode(class_2543.java:32) ~[server-intermediary.jar:?]
	at io.netty.handler.codec.ByteToMessageDecoder.decodeRemovalReentryProtection(ByteToMessageDecoder.java:519) ~[netty-codec-4.1.82.Final.jar:?]
	at io.netty.handler.codec.ByteToMessageDecoder.callDecode(ByteToMessageDecoder.java:458) ~[netty-codec-4.1.82.Final.jar:?]
	... 25 more
[00:14:30] [Server thread/INFO]: Named entity class_1604['Sanctum Cultist'/1760866, l='ServerLevel[world]', x=-797.93, y=30.50, z=-315.70] died: Sanctum Cultist tried to swim in lava to escape Yumalala
[00:14:37] [Server thread/INFO]: Named entity class_1604['Sanctum Cultist'/1760791, l='ServerLevel[world]', x=-799.80, y=36.50, z=-311.93] died: Sanctum Cultist was slain by Yumalala using [adfliadp]
[00:14:44] [Server thread/INFO]: skupdiripop was shot by Sanctum Cultist
[00:14:48] [Server thread/INFO]: Did not backup data (grave data empty)
[00:14:53] [Server thread/INFO]: Yumalala has made the advancement [The Floor is Tears]
[00:14:55] [Server thread/INFO]: Named entity class_1604['Sanctum Cultist'/1760783, l='ServerLevel[world]', x=-804.39, y=30.50, z=-306.32] died: Sanctum Cultist tried to swim in lava to escape Yumalala
[00:15:08] [Server thread/INFO]: Named entity class_1632['Sanctum Inquisitor'/1757261, l='ServerLevel[world]', x=-807.89, y=36.00, z=-314.69] died: Sanctum Inquisitor was slain by Yumalala using [adfliadp]
[00:15:15] [Server thread/INFO]: [Yumalala: Teleported skupdiripop to AKUSGOD]
[00:15:17] [Server thread/INFO]: [Yumalala: Teleported skupdiripop to Yumalala]
[00:15:28] [Server thread/INFO]: Named entity class_1604['Sanctum Cultist'/1757262, l='ServerLevel[world]', x=-819.63, y=36.00, z=-328.72] died: Sanctum Cultist was slain by Yumalala using [adfliadp]
[00:15:30] [Server thread/INFO]: skupdiripop was shot by Sanctum Cultist
[00:15:31] [Server thread/INFO]: Did not backup data (grave data empty)
[00:15:33] [Server thread/INFO]: Named entity class_1632['Sanctum Inquisitor'/1758795, l='ServerLevel[world]', x=-809.64, y=36.00, z=-324.46] died: Sanctum Inquisitor was slain by Yumalala using [adfliadp]
[00:15:51] [Server thread/INFO]: [Yumalala: Teleported skupdiripop to Yumalala]
[00:15:51] [Server thread/INFO]: Named entity class_1581['Sanctum Illusionist'/1760790, l='ServerLevel[world]', x=-754.79, y=32.00, z=-232.79] died: Sanctum Illusionist burned to death
[00:15:56] [Server thread/INFO]: Named entity class_1584['Sanctum Ravager'/1758794, l='ServerLevel[world]', x=-800.25, y=36.00, z=-327.55] died: Sanctum Ravager was slain by Yumalala using [adfliadp]
[00:15:57] [Server thread/INFO]: Named entity class_1632['Sanctum Inquisitor'/1758810, l='ServerLevel[world]', x=-800.19, y=36.58, z=-329.39] died: Sanctum Inquisitor was slain by Yumalala using [adfliadp]
[00:16:00] [Server thread/INFO]: Named entity class_1604['Sanctum Cultist'/1757263, l='ServerLevel[world]', x=-801.38, y=36.00, z=-323.49] died: Sanctum Cultist was slain by Yumalala using [adfliadp]
[00:16:02] [Server thread/INFO]: Named entity class_1632['Sanctum Inquisitor'/1758808, l='ServerLevel[world]', x=-800.45, y=36.00, z=-324.56] died: Sanctum Inquisitor was slain by Yumalala using [adfliadp]
[00:16:02] [Server thread/INFO]: skupdiripop claimed a grave belonging to skupdiripop at -804, 37, -338, minecraft:the_nether
[00:16:12] [Server thread/INFO]: Named entity class_1604['Sanctum Cultist'/1758803, l='ServerLevel[world]', x=-811.33, y=36.00, z=-329.16] died: Sanctum Cultist was slain by skupdiripop
[00:16:33] [Server thread/INFO]: [Yumalala: Teleported skupdiripop to Yumalala]
[00:16:33] [Server thread/WARN]: Can't keep up! Is the server overloaded? Running 6807ms or 136 ticks behind
[00:16:55] [Worker-Main-101/WARN]: Empty or non-existent pool: ships:secondary
[00:17:02] [Server thread/WARN]: Can't keep up! Is the server overloaded? Running 8417ms or 168 ticks behind
